---
title: Make A Donation
linkTitle: "Make A Donation"
slug: donate
top_graphic: 5
no_donate_footer: false
lastmod: 2019-09-18
menu:
  main:
    weight: 20
    parent: donate
---

<div class="donate-page">
    <p>We are making it possible for climate justice campaigns to be more successful than ever before, while giving the public more reasons and opportunities to have their voices heard.
    <p>GetCourageNow is free for organisations and activists around the world, because cost excludes people and we need everyoneâ€™s help in this fight to save our planet.</p>
  <div class="text-center">
  {{% fundraiser %}}

  <script src="https://donorbox.org/widget.js" paypalExpress="false"></script><iframe allowpaymentrequest="" frameborder="0" height="900px" name="donorbox" scrolling="no" seamless="seamless" src="https://donorbox.org/embed/main-2" style="max-width: 500px; min-width: 310px; max-height:none!important" width="100%"></iframe>

  </div>

    <!--<p>The Columbus Institute for Contemporary Journalists is the 501(c)(3) public benefit organization. Their EIN is: 31-1176151.</p>-->
</div>