---
title: Thank You For Your Donation
top_graphic: 5
no_donate_footer: true
lastmod: 2019-09-18
---

<div class="donate-page">
    <h2>Thank you for your donation.</h2>
    <p>GetCourageNow is free for organisations and activists around the world, because cost excludes people and we need everyoneâ€™s help in this fight to save our planet.</p>
</div>